2021-02-19 23:27:21,238 - WARNING - warning message
2021-02-19 23:27:21,238 - ERROR - error message
2021-02-19 23:27:21,238 - CRITICAL - critical message
